// Jest Snapshot v1, https://goo.gl/fbAQLP

exports[`render supports fragments 1`] = `
<DocumentFragment>
  <div>
    <code>
      DocumentFragment
    </code>
     is pretty cool!
  </div>
</DocumentFragment>
`;
